error: missing ink! constructor
  --> tests/ui/contract/fail/module-missing-constructor.rs:4:1
   |
4  | / mod contact {
5  | |     #[ink(storage)]
6  | |     pub struct Contract {}
7  | |
...  |
11 | |     }
12 | | }
   | |_^
