error[E0119]: conflicting implementations of trait `ink_lang::codegen::TraitCallForwarderFor<3872610552_u32>` for type `contract::_::CallBuilder`
  --> $DIR/trait-message-selector-overlap-1.rs:45:5
   |
40 |     impl TraitDefinition1 for Contract {
   |     ---------------------------------- first implementation here
...
45 |     impl TraitDefinition2 for Contract {
   |     ^^^^^^^^^^^^^^^^^^^^^^^^^^^^^^^^^^ conflicting implementation for `contract::_::CallBuilder`

error[E0119]: conflicting implementations of trait `ink_lang::reflect::DispatchableMessageInfo<1083895717_u32>` for type `contract::Contract`
  --> $DIR/trait-message-selector-overlap-1.rs:47:9
   |
42 |         fn message(&self) {}
   |         ----------------- first implementation here
...
47 |         fn message(&self) {}
   |         ^^^^^^^^^^^^^^^^^ conflicting implementation for `contract::Contract`
